// Jest Snapshot v1, https://goo.gl/fbAQLP

exports[`components/StarRating should be rendered properly 1`] = `
<DocumentFragment>
  <div
    class="sc-gtsrHT eUTdid"
  >
    <span
      class="sc-bdnxRM hQwsEM"
      color="#C0980A"
      height="15px"
      rotate="0"
      width="15px"
    >
      <svg
        class=""
        viewBox="0 0 512 512"
        xmlns="http://www.w3.org/2000/svg"
      >
        <path
          d="M394 480a16 16 0 01-9.39-3L256 383.76 127.39 477a16 16 0 01-24.55-18.08L153 310.35 23 221.2a16 16 0 019-29.2h160.38l48.4-148.95a16 16 0 0130.44 0l48.4 149H480a16 16 0 019.05 29.2L359 310.35l50.13 148.53A16 16 0 01394 480z"
        />
      </svg>
    </span>
    <span
      class="sc-bdnxRM hQwsEM"
      color="#C0980A"
      height="15px"
      rotate="0"
      width="15px"
    >
      <svg
        class=""
        viewBox="0 0 512 512"
        xmlns="http://www.w3.org/2000/svg"
      >
        <path
          d="M394 480a16 16 0 01-9.39-3L256 383.76 127.39 477a16 16 0 01-24.55-18.08L153 310.35 23 221.2a16 16 0 019-29.2h160.38l48.4-148.95a16 16 0 0130.44 0l48.4 149H480a16 16 0 019.05 29.2L359 310.35l50.13 148.53A16 16 0 01394 480z"
        />
      </svg>
    </span>
    <span
      class="sc-bdnxRM hQwsEM"
      color="#C0980A"
      height="15px"
      rotate="0"
      width="15px"
    >
      <svg
        class=""
        viewBox="0 0 512 512"
        xmlns="http://www.w3.org/2000/svg"
      >
        <path
          d="M394 480a16 16 0 01-9.39-3L256 383.76 127.39 477a16 16 0 01-24.55-18.08L153 310.35 23 221.2a16 16 0 019-29.2h160.38l48.4-148.95a16 16 0 0130.44 0l48.4 149H480a16 16 0 019.05 29.2L359 310.35l50.13 148.53A16 16 0 01394 480z"
        />
      </svg>
    </span>
    <span
      class="sc-bdnxRM hQwsEM"
      color="#C0980A"
      height="15px"
      rotate="0"
      width="15px"
    >
      <svg
        class=""
        viewBox="0 0 512 512"
        xmlns="http://www.w3.org/2000/svg"
      >
        <path
          d="M480 208H308L256 48l-52 160H32l140 96-54 160 138-100 138 100-54-160z"
          fill="none"
          stroke="currentColor"
          stroke-linejoin="round"
          stroke-width="32"
        />
        <path
          d="M256 48v316L118 464l54-160-140-96h172l52-160z"
        />
      </svg>
    </span>
    <span
      class="sc-bdnxRM hQwsEM"
      color="#C0980A"
      height="15px"
      rotate="0"
      width="15px"
    >
      <svg
        class=""
        viewBox="0 0 512 512"
        xmlns="http://www.w3.org/2000/svg"
      >
        <path
          d="M480 208H308L256 48l-52 160H32l140 96-54 160 138-100 138 100-54-160z"
          fill="none"
          stroke="currentColor"
          stroke-linejoin="round"
          stroke-width="32"
        />
      </svg>
    </span>
  </div>
</DocumentFragment>
`;
