// Jest Snapshot v1, https://goo.gl/fbAQLP

exports[`components/StyledLink should be rendered properly 1`] = `
<DocumentFragment>
  <a
    class="sc-bdnxRM fTfPUG"
    href="/"
  >
    Sample Link
  </a>
</DocumentFragment>
`;
